Could not open input file: TaskWithoutYii.php
